// Jest Snapshot v1, https://goo.gl/fbAQLP

exports[`< ManageAgents /> match snapshots 1`] = `
<div
  className="appContent"
>
  <HelmetWrapper
    defer={true}
    encodeSpecialCharacters={true}
  >
    <title>
      ManageAgents
    </title>
    <meta
      content="Description of ManageAgents"
      name="description"
    />
  </HelmetWrapper>
  <div
    className="pageBreadcrumb"
  >
    <div
      className="fx-b70"
    >
      <p>
        <FormattedMessage
          defaultMessage="Manage Agents"
          id="app.common.messages.manageAgents"
          values={Object {}}
        >
          <Component />
        </FormattedMessage>
      </p>
      <h5>
        <FormattedMessage
          defaultMessage="All Available Agents"
          id="app.containers.ManageAgents.title"
          values={Object {}}
        >
          <Component />
        </FormattedMessage>
      </h5>
    </div>
    <div
      className="fx-b30 text-right"
    />
  </div>
  <SkeletonLoader
    mode="fullView"
    skeleton="skeletonReactTable"
  />
</div>
`;
