// Jest Snapshot v1, https://goo.gl/fbAQLP

exports[`< AddOrEditPlant /> match snapshots 1`] = `
<div
  className="appContent"
>
  <HelmetWrapper
    defer={true}
    encodeSpecialCharacters={true}
  >
    <title>
      AddOrEditPlant
    </title>
    <meta
      content="Description of AddOrEditPlant"
      name="description"
    />
  </HelmetWrapper>
  <div
    className="pageBreadcrumb"
  >
    <div
      className="flex-item fx-b70"
    >
      <p
        className="pd-l-30"
      >
        <span
          className="cursor-pointer"
          onClick={[Function]}
        >
          <button
            className="btn btn-transparent"
          >
            <i
              className="far fa-long-arrow-left"
            />
          </button>
          <FormattedMessage
            defaultMessage="Manage Plants"
            id="app.common.messages.managePlant"
            values={Object {}}
          >
            <Component />
          </FormattedMessage>
        </span>
      </p>
      <h5>
        <FormattedMessage
          defaultMessage="Edit Plant"
          id="app.containers.AddOrEditPlant.editPlant"
          values={Object {}}
        >
          <Component />
        </FormattedMessage>
      </h5>
    </div>
    <div
      className="flex-item fx-b30 text-right align-items-center"
    />
  </div>
  <SkeletonLoader
    mode="fullView"
    skeleton="skeletonNestedFormUpload"
  />
</div>
`;
